variables: Ponerle un nombre a algo que puede tomar valores. Por ejemplo, si nos queremos referir a la edad de las personas definimos la variables EDAD, que sabemos que puede tomar x valores numericos hasta aprox 100 años que es lo que vive una persona y no puede tener valores negativos. Las variables pueden ser cadenas o string, que son de tipo general como nombres, o pueden tomar valores numéricos, que nos sirve para hacer operaciones matemáticas por ejemplo o pueden ser constantes, es decir que tienen un solo valor. Tambien están las de tipo boleanos que indican pueden tomar valor si o no, como si nos estuviesemos haciendo una pregunta cerrar por ejemplo,  sos del mejor cuadro ever o sea river, si o no?
strings: es un tipo de variables que puede tomar cualquier tipo de valor, generalmente se usa para el texto, los valores se codean entre comillas para indicar que es un string.
Funciones (argumentos, return): Las funciones se  para ordenarle al lenguaje que haga algo con las variables. Por ejemplo si tenemos las variables edad, podemos hacer una función que nos diga el año de nacimiento a partir de la edad.
El argumento en ese caso es la variable edad, el argumento es sobre lo que trabaja la función, lo que modifica, opera o lo que sea que haga la función lo hace sobre los argumentos que definamos. 
El retorno es cuando queremos que la función devuelva algo. Si no ponemos definimos return, la función nos devolverá un undefines, porque no especificamos nada como resultado de la funcion o return.  
Declaraciones if. Se usa dentro de la función para que la función verifique si se cumple la condicion que especificamos en el if, y la función devuelve un resultado distinto si se cumple o no la condición.
Valores booleanos (true, false). Los valores booleanos sirven dentro de los if para decir si una condición se cumple (true) o no (false)

A205063@NBY664220 MINGW64 ~/Desktop/Henry/Curso.Prep.Henry (master)
$ git init
Reinitialized existing Git repository in C:/Users/a205063/Desktop/Henry/Curso.Prep.Henry/.git/

A205063@NBY664220 MINGW64 ~/Desktop/Henry/Curso.Prep.Henry (master)
$ git status
On branch master
Your branch is up to date with 'origin/master'.

Changes not staged for commit:
  (use "git add <file>..." to update what will be committed)
  (use "git restore <file>..." to discard changes in working directory)
        modified:   02-JS-I/homework/homework.js

Untracked files:
  (use "git add <file>..." to include in what will be committed)
        homework1.txt
        package-lock.json

no changes added to commit (use "git add" and/or "git commit -a")

A205063@NBY664220 MINGW64 ~/Desktop/Henry/Curso.Prep.Henry (master)
$ git add homework.txt
fatal: pathspec 'homework.txt' did not match any files

A205063@NBY664220 MINGW64 ~/Desktop/Henry/Curso.Prep.Henry (master)
$ git add homework.txt
fatal: pathspec 'homework.txt' did not match any files

A205063@NBY664220 MINGW64 ~/Desktop/Henry/Curso.Prep.Henry (master)
$ git add homework1.txt

A205063@NBY664220 MINGW64 ~/Desktop/Henry/Curso.Prep.Henry (master)
$ git status
On branch master
Your branch is up to date with 'origin/master'.

Changes to be committed:
  (use "git restore --staged <file>..." to unstage)
        new file:   homework1.txt

Changes not staged for commit:
  (use "git add <file>..." to update what will be committed)
  (use "git restore <file>..." to discard changes in working directory)
        modified:   02-JS-I/homework/homework.js

Untracked files:
  (use "git add <file>..." to include in what will be committed)
        package-lock.json


A205063@NBY664220 MINGW64 ~/Desktop/Henry/Curso.Prep.Henry (master)
$ git add 02-JS-I/homework/homework.js

A205063@NBY664220 MINGW64 ~/Desktop/Henry/Curso.Prep.Henry (master)
$ git add package-lock.json

A205063@NBY664220 MINGW64 ~/Desktop/Henry/Curso.Prep.Henry (master)
$ git status
On branch master
Your branch is up to date with 'origin/master'.

Changes to be committed:
  (use "git restore --staged <file>..." to unstage)
        modified:   02-JS-I/homework/homework.js
        new file:   homework1.txt
        new file:   package-lock.json


A205063@NBY664220 MINGW64 ~/Desktop/Henry/Curso.Prep.Henry (master)
$ git commit -m "Homework 2"
[master 2f0fd64] Homework 2
 3 files changed, 5597 insertions(+), 8 deletions(-)
 create mode 100644 homework1.txt
 create mode 100644 package-lock.json

A205063@NBY664220 MINGW64 ~/Desktop/Henry/Curso.Prep.Henry (master)
$ git status
On branch master
Your branch is ahead of 'origin/master' by 1 commit.
  (use "git push" to publish your local commits)

nothing to commit, working tree clean

A205063@NBY664220 MINGW64 ~/Desktop/Henry/Curso.Prep.Henry (master)
$ git push origin master
Enumerating objects: 11, done.
Counting objects: 100% (11/11), done.
Delta compression using up to 4 threads
Compressing objects: 100% (7/7), done.
Writing objects: 100% (7/7), 55.86 KiB | 3.29 MiB/s, done.
Total 7 (delta 2), reused 0 (delta 0), pack-reused 0
remote: Resolving deltas: 100% (2/2), completed with 2 local objects.
To https://github.com/Anto8819/Curso.Prep.Henry.git
   30c13b8..2f0fd64  master -> master